// Jest Snapshot v1, https://goo.gl/fbAQLP

exports[`<DeckList /> should match snapshot 1`] = `
<div>
  <p>
    loading...
  </p>
</div>
`;
