// Jest Snapshot v1, https://goo.gl/fbAQLP

exports[`<UserInformationCard /> should match snapshot 1`] = `
<div>
  <div
    class="user-popup"
  >
    <i
      class="material-icons"
    >
      account_circle
    </i>
  </div>
</div>
`;
